libibverbs: Warning: couldn't load driver 'libbnxt_re-rdmav34.so': libbnxt_re-rdmav34.so: cannot open shared object file: No such file or directory
libibverbs: Warning: couldn't load driver 'libbnxt_re-rdmav34.so': libbnxt_re-rdmav34.so: cannot open shared object file: No such file or directory
libibverbs: Warning: couldn't load driver 'libbnxt_re-rdmav34.so': libbnxt_re-rdmav34.so: cannot open shared object file: No such file or directory
MPI rank: 0 using 16 OpenMP threads out of maximum of 16
MPI rank: 1 using 16 OpenMP threads out of maximum of 16
MPI rank: 2 using 16 OpenMP threads out of maximum of 16
Scheme type: 0 (MC-PIC)
----------------------------------------
Using random seed for PCG RNG.
----------------------------------------
 
Reading domain inputs: 
-------------------------- 
Uniform domain with 128 cells and 129 nodes.
Length of the domain: 0.067
Minimum cell size: 0.000523438
Left boundary condition: 1
Right boundary condition: 4
--------------------------------
 
Reading charged particle inputs 
---------------------------------------- 
Particle name: e
Mass (kg): 9.10938e-31
Charge (C): -1.60218e-19
Weight (m^-2): 1.74479e+08
q/m: -1.75882e+11
Number of particles per thread: 2048
Number of total particles: 98304
Final index: 4096
Degrees in space: 1
Degrees in velocity: 3
Average density (m^-3): 2.56e+14
Average temperature (eV): 2.60207
 
Particle name: He+
Mass (kg): 6.64557e-27
Charge (C): 1.60218e-19
Weight (m^-2): 1.74479e+08
q/m: 2.4109e+07
Number of particles per thread: 2048
Number of total particles: 98304
Final index: 4096
Degrees in space: 1
Degrees in velocity: 3
Average density (m^-3): 2.56e+14
Average temperature (eV): 0.0249489
 
 
Reading target particle inputs 
---------------------------------------- 
Target particle name: He
Mass (kg): 6.64648e-27
Average density (m^-3): 9.64e+20
Average temperature (K): 300
 
 
Reading null collision inputs 
---------------------------------------- 
[e]+[He]->[e]+[He]
[e]+[He]->[e]+[He]
[e]+[He]->[e]+[He]
[e]+[He]->[e]+[He+]+[e]
[He+]+[He]->[He+]+[He]
[He+]+[He]->[He+]+[He]
------------------------------ 
Primary particle is e
Amount of targets is 1
Null frequency: 8.65439e+07
----- 

Target # 0: He
Reduced mass 9.10814e-31 kg
Reduced mass ionization 4.55438e-31 kg
	Collision # 0
	Threshold energy (eV) 0
	Collision type is elastic
	Products are: e He

	Collision # 1
	Threshold energy (eV) 24.587
	Collision type is ionization
	Products are: e He+  e 

	Collision # 2
	Threshold energy (eV) 20.61
	Collision type is excitation
	Products are: e He

	Collision # 3
	Threshold energy (eV) 19.82
	Collision type is excitation
	Products are: e He

------------------------------ 
------------------------------ 
Primary particle is He+
Amount of targets is 1
Null frequency: 3.75179e+07
----- 

Target # 0: He
Reduced mass 3.32301e-27 kg
Reduced mass ionization 9.10689e-31 kg
	Collision # 0
	Threshold energy (eV) 0
	Collision type is charge exchange
	Products are: He+ He

	Collision # 1
	Threshold energy (eV) 0
	Collision type is elastic
	Products are: He+ He

------------------------------ 
 
Reading electric potential inputs: 
-------------------------- 
ES_solver_MC: 
-------------------------- 
Number of phi nodes: 129
Number of field nodes: 129
Left voltage: 0
Right voltage: 0
RF frequency: 1.356e+07
RF half amplitude 450
-------------------------- 

Time setup:
------------------------------
Time step (s): 1.84366e-10
Fraction of inverse plasma frequency: 0.166415
Simulation time (s): 9.43953e-05
Averaging time (s): 7.37463e-06
Number diagnostics: 21
------------------------------
 

Simulation Directories:
------------------------------
Save folder name: test_exp
Save folder path: ../../../Test/
Restarted simulation? No
------------------------------
 
Initializing diagnostic files in save directory... Done

Initializing potential and let us run!
------------

-------------------------------
Diagnostics # 1/21
Current simulation time (s): 0
Particle e, total #: 98304 , n_ave: 1.7152e+13 (1/m^3) , T_ave: 2.60207 (eV) 
Null collisions for particle e: 
Target particle: He, collision frequency (Hz): -nan
Particle He+, total #: 98304 , n_ave: 1.7152e+13 (1/m^3) , T_ave: 0.0249489 (eV) 
Null collisions for particle He+: 
Target particle: He, collision frequency (Hz): -nan
Total momentum (kg / m/s) is x: 1.54289e-13 y: 1.34253e-13 z: -1.01154e-13
Total Energy (J/m^2) is : 1.08293e-05
-------------------------------


-------------------------------
Diagnostics # 2/21
Current simulation time (s): 4.71976e-06
Particle e, total #: 38684 , n_ave: 6.74955e+12 (1/m^3) , T_ave: 7.47473 (eV) 
Null collisions for particle e: 
Target particle: He, collision frequency (Hz): 7.13775e+07
Particle He+, total #: 50119 , n_ave: 8.74472e+12 (1/m^3) , T_ave: 4.2737 (eV) 
Null collisions for particle He+: 
Target particle: He, collision frequency (Hz): 2.42583e+06
Total momentum (kg / m/s) is x: 5.43042e-11 y: 6.19714e-14 z: 7.79931e-14
Total Energy (J/m^2) is : 4.03108e-05
-------------------------------


-------------------------------
Diagnostics # 3/21
Current simulation time (s): 9.43971e-06
Particle e, total #: 25822 , n_ave: 4.5054e+12 (1/m^3) , T_ave: 8.82811 (eV) 
Null collisions for particle e: 
Target particle: He, collision frequency (Hz): 7.00507e+07
Particle He+, total #: 36715 , n_ave: 6.406e+12 (1/m^3) , T_ave: 5.28184 (eV) 
Null collisions for particle He+: 
Target particle: He, collision frequency (Hz): 2.78875e+06
Total momentum (kg / m/s) is x: 5.30765e-11 y: -2.78166e-14 z: -1.46643e-13
Total Energy (J/m^2) is : 3.61124e-05
-------------------------------


-------------------------------
Diagnostics # 4/21
Current simulation time (s): 1.41595e-05
Particle e, total #: 20887 , n_ave: 3.64435e+12 (1/m^3) , T_ave: 9.84723 (eV) 
Null collisions for particle e: 
Target particle: He, collision frequency (Hz): 6.9748e+07
Particle He+, total #: 31544 , n_ave: 5.50377e+12 (1/m^3) , T_ave: 5.82423 (eV) 
Null collisions for particle He+: 
Target particle: He, collision frequency (Hz): 3.0299e+06
Total momentum (kg / m/s) is x: 4.84861e-11 y: 3.10883e-14 z: -3.47526e-14
Total Energy (J/m^2) is : 3.44092e-05
-------------------------------


-------------------------------
Diagnostics # 5/21
Current simulation time (s): 1.88792e-05
Particle e, total #: 19028 , n_ave: 3.31999e+12 (1/m^3) , T_ave: 10.2338 (eV) 
Null collisions for particle e: 
Target particle: He, collision frequency (Hz): 6.96923e+07
Particle He+, total #: 29547 , n_ave: 5.15534e+12 (1/m^3) , T_ave: 5.96712 (eV) 
Null collisions for particle He+: 
Target particle: He, collision frequency (Hz): 3.15849e+06
Total momentum (kg / m/s) is x: 4.24271e-11 y: 8.27998e-15 z: 1.10211e-13
Total Energy (J/m^2) is : 3.33471e-05
-------------------------------


-------------------------------
Diagnostics # 6/21
Current simulation time (s): 2.35988e-05
Particle e, total #: 18421 , n_ave: 3.21408e+12 (1/m^3) , T_ave: 10.5046 (eV) 
Null collisions for particle e: 
Target particle: He, collision frequency (Hz): 6.97479e+07
Particle He+, total #: 28940 , n_ave: 5.04943e+12 (1/m^3) , T_ave: 6.13121 (eV) 
Null collisions for particle He+: 
Target particle: He, collision frequency (Hz): 3.21433e+06
Total momentum (kg / m/s) is x: 4.55718e-11 y: 1.09151e-14 z: 5.01816e-13
Total Energy (J/m^2) is : 3.34583e-05
-------------------------------


-------------------------------
Diagnostics # 7/21
Current simulation time (s): 2.83186e-05
Particle e, total #: 18123 , n_ave: 3.16209e+12 (1/m^3) , T_ave: 10.4287 (eV) 
Null collisions for particle e: 
Target particle: He, collision frequency (Hz): 6.9751e+07
Particle He+, total #: 28632 , n_ave: 4.99569e+12 (1/m^3) , T_ave: 5.97544 (eV) 
Null collisions for particle He+: 
Target particle: He, collision frequency (Hz): 3.22285e+06
Total momentum (kg / m/s) is x: 4.44299e-11 y: 3.8688e-13 z: -1.49977e-13
Total Energy (J/m^2) is : 3.3102e-05
-------------------------------


-------------------------------
Diagnostics # 8/21
Current simulation time (s): 3.30383e-05
Particle e, total #: 18287 , n_ave: 3.1907e+12 (1/m^3) , T_ave: 10.4806 (eV) 
Null collisions for particle e: 
Target particle: He, collision frequency (Hz): 6.96124e+07
Particle He+, total #: 28678 , n_ave: 5.00371e+12 (1/m^3) , T_ave: 6.01738 (eV) 
Null collisions for particle He+: 
Target particle: He, collision frequency (Hz): 3.23935e+06
Total momentum (kg / m/s) is x: 3.92363e-11 y: -5.71472e-13 z: 2.40845e-13
Total Energy (J/m^2) is : 3.30147e-05
-------------------------------


-------------------------------
Diagnostics # 9/21
Current simulation time (s): 3.77583e-05
Particle e, total #: 18293 , n_ave: 3.19175e+12 (1/m^3) , T_ave: 10.4593 (eV) 
Null collisions for particle e: 
Target particle: He, collision frequency (Hz): 6.96578e+07
Particle He+, total #: 28711 , n_ave: 5.00947e+12 (1/m^3) , T_ave: 5.98077 (eV) 
Null collisions for particle He+: 
Target particle: He, collision frequency (Hz): 3.22874e+06
Total momentum (kg / m/s) is x: 4.49362e-11 y: -4.05733e-13 z: 1.08439e-13
Total Energy (J/m^2) is : 3.2978e-05
-------------------------------


-------------------------------
Diagnostics # 10/21
Current simulation time (s): 4.24781e-05
Particle e, total #: 18400 , n_ave: 3.21042e+12 (1/m^3) , T_ave: 10.3887 (eV) 
Null collisions for particle e: 
Target particle: He, collision frequency (Hz): 6.9676e+07
Particle He+, total #: 28909 , n_ave: 5.04402e+12 (1/m^3) , T_ave: 5.99965 (eV) 
Null collisions for particle He+: 
Target particle: He, collision frequency (Hz): 3.22678e+06
Total momentum (kg / m/s) is x: 4.39562e-11 y: -3.77131e-13 z: 3.87673e-13
Total Energy (J/m^2) is : 3.32123e-05
-------------------------------


-------------------------------
Diagnostics # 11/21
Current simulation time (s): 4.71978e-05
Particle e, total #: 18132 , n_ave: 3.16366e+12 (1/m^3) , T_ave: 10.5369 (eV) 
Null collisions for particle e: 
Target particle: He, collision frequency (Hz): 6.96963e+07
Particle He+, total #: 28552 , n_ave: 4.98173e+12 (1/m^3) , T_ave: 6.00056 (eV) 
Null collisions for particle He+: 
Target particle: He, collision frequency (Hz): 3.23118e+06
Total momentum (kg / m/s) is x: 4.28754e-11 y: 5.81522e-14 z: 3.41896e-13
Total Energy (J/m^2) is : 3.31069e-05
-------------------------------


-------------------------------
Diagnostics # 12/21
Current simulation time (s): 5.19176e-05
Particle e, total #: 18069 , n_ave: 3.15266e+12 (1/m^3) , T_ave: 10.4979 (eV) 
Null collisions for particle e: 
Target particle: He, collision frequency (Hz): 6.96834e+07
Particle He+, total #: 28524 , n_ave: 4.97684e+12 (1/m^3) , T_ave: 6.22313 (eV) 
Null collisions for particle He+: 
Target particle: He, collision frequency (Hz): 3.23673e+06
Total momentum (kg / m/s) is x: 4.43009e-11 y: 4.53661e-13 z: 1.95441e-14
Total Energy (J/m^2) is : 3.31868e-05
-------------------------------


-------------------------------
Diagnostics # 13/21
Current simulation time (s): 5.66374e-05
Particle e, total #: 18065 , n_ave: 3.15197e+12 (1/m^3) , T_ave: 10.4818 (eV) 
Null collisions for particle e: 
Target particle: He, collision frequency (Hz): 6.96451e+07
Particle He+, total #: 28517 , n_ave: 4.97562e+12 (1/m^3) , T_ave: 6.1979 (eV) 
Null collisions for particle He+: 
Target particle: He, collision frequency (Hz): 3.22914e+06
Total momentum (kg / m/s) is x: 3.69656e-11 y: 1.09557e-14 z: 2.21422e-13
Total Energy (J/m^2) is : 3.31691e-05
-------------------------------


-------------------------------
Diagnostics # 14/21
Current simulation time (s): 6.13571e-05
Particle e, total #: 17885 , n_ave: 3.12056e+12 (1/m^3) , T_ave: 10.5321 (eV) 
Null collisions for particle e: 
Target particle: He, collision frequency (Hz): 6.96799e+07
Particle He+, total #: 28276 , n_ave: 4.93357e+12 (1/m^3) , T_ave: 6.16193 (eV) 
Null collisions for particle He+: 
Target particle: He, collision frequency (Hz): 3.24754e+06
Total momentum (kg / m/s) is x: 3.93904e-11 y: -5.41633e-13 z: -8.33433e-14
Total Energy (J/m^2) is : 3.2949e-05
-------------------------------


-------------------------------
Diagnostics # 15/21
Current simulation time (s): 6.60769e-05
Particle e, total #: 17852 , n_ave: 3.1148e+12 (1/m^3) , T_ave: 10.5763 (eV) 
Null collisions for particle e: 
Target particle: He, collision frequency (Hz): 6.97038e+07
Particle He+, total #: 28258 , n_ave: 4.93043e+12 (1/m^3) , T_ave: 6.30108 (eV) 
Null collisions for particle He+: 
Target particle: He, collision frequency (Hz): 3.24139e+06
Total momentum (kg / m/s) is x: 3.76689e-11 y: -5.71138e-13 z: 7.1872e-14
Total Energy (J/m^2) is : 3.30584e-05
-------------------------------


-------------------------------
Diagnostics # 16/21
Current simulation time (s): 7.07966e-05
Particle e, total #: 17939 , n_ave: 3.12998e+12 (1/m^3) , T_ave: 10.5288 (eV) 
Null collisions for particle e: 
Target particle: He, collision frequency (Hz): 6.96589e+07
Particle He+, total #: 28392 , n_ave: 4.95381e+12 (1/m^3) , T_ave: 6.18065 (eV) 
Null collisions for particle He+: 
Target particle: He, collision frequency (Hz): 3.24425e+06
Total momentum (kg / m/s) is x: 3.80544e-11 y: -1.0454e-14 z: -8.78439e-14
Total Energy (J/m^2) is : 3.30273e-05
-------------------------------


-------------------------------
Diagnostics # 17/21
Current simulation time (s): 7.55164e-05
Particle e, total #: 18233 , n_ave: 3.18128e+12 (1/m^3) , T_ave: 10.3028 (eV) 
Null collisions for particle e: 
Target particle: He, collision frequency (Hz): 6.9694e+07
Particle He+, total #: 28719 , n_ave: 5.01087e+12 (1/m^3) , T_ave: 6.15469 (eV) 
Null collisions for particle He+: 
Target particle: He, collision frequency (Hz): 3.23507e+06
Total momentum (kg / m/s) is x: 4.51311e-11 y: 1.61092e-13 z: -1.00912e-13
Total Energy (J/m^2) is : 3.31467e-05
-------------------------------


-------------------------------
Diagnostics # 18/21
Current simulation time (s): 8.0236e-05
Particle e, total #: 17807 , n_ave: 3.10695e+12 (1/m^3) , T_ave: 10.5659 (eV) 
Null collisions for particle e: 
Target particle: He, collision frequency (Hz): 6.96806e+07
Particle He+, total #: 28236 , n_ave: 4.92659e+12 (1/m^3) , T_ave: 6.22105 (eV) 
Null collisions for particle He+: 
Target particle: He, collision frequency (Hz): 3.24521e+06
Total momentum (kg / m/s) is x: 4.49119e-11 y: 2.18456e-13 z: 1.11506e-13
Total Energy (J/m^2) is : 3.30082e-05
-------------------------------


-------------------------------
Diagnostics # 19/21
Current simulation time (s): 8.49558e-05
Particle e, total #: 18268 , n_ave: 3.18739e+12 (1/m^3) , T_ave: 10.3203 (eV) 
Null collisions for particle e: 
Target particle: He, collision frequency (Hz): 6.97491e+07
Particle He+, total #: 28717 , n_ave: 5.01052e+12 (1/m^3) , T_ave: 6.14502 (eV) 
Null collisions for particle He+: 
Target particle: He, collision frequency (Hz): 3.23986e+06
Total momentum (kg / m/s) is x: 4.26532e-11 y: -1.63205e-13 z: -3.50478e-14
Total Energy (J/m^2) is : 3.32197e-05
-------------------------------


-------------------------------
Diagnostics # 20/21
Current simulation time (s): 8.96755e-05
Particle e, total #: 18330 , n_ave: 3.1982e+12 (1/m^3) , T_ave: 10.4828 (eV) 
Null collisions for particle e: 
Target particle: He, collision frequency (Hz): 6.97773e+07
Particle He+, total #: 28850 , n_ave: 5.03372e+12 (1/m^3) , T_ave: 6.11633 (eV) 
Null collisions for particle He+: 
Target particle: He, collision frequency (Hz): 3.23879e+06
Total momentum (kg / m/s) is x: 4.29638e-11 y: -4.32736e-13 z: -4.97123e-14
Total Energy (J/m^2) is : 3.3535e-05
-------------------------------


-------------------------------
Diagnostics # 21/21
Current simulation time (s): 9.43953e-05
Particle e, total #: 18069 , n_ave: 3.15266e+12 (1/m^3) , T_ave: 10.5041 (eV) 
Null collisions for particle e: 
Target particle: He, collision frequency (Hz): 6.97096e+07
Particle He+, total #: 28568 , n_ave: 4.98452e+12 (1/m^3) , T_ave: 6.08875 (eV) 
Null collisions for particle He+: 
Target particle: He, collision frequency (Hz): 3.24483e+06
Total momentum (kg / m/s) is x: 4.34848e-11 y: 3.16393e-13 z: 2.59043e-14
Total Energy (J/m^2) is : 3.31759e-05
-------------------------------

Simulation took 20.0459 seconds

Averaging diagnostics over time: 7.37463e-06 seconds
----------------------------------- 

Rank 0 with Current time (s): 9.51327e-05, Current step: 4000, Average difference: 0.00109998
Thread id 11 has res 0.00109998 in rank 0
Thread id Rank 1 with Current time (s): 9.51327e-05, Current step: 4000, Average difference: 0.00109998
14 has res 0.00109998 in rank 0
Thread id 3 has res 0.00109998 in rank 0
Thread id 12 has res 0.00109998 in rank 0
Thread id 7 has res 0.00109998 in rank 0
Thread id 0 has res 0.00109998 in rank 0
Thread id 15 has res 0.00109998 in rank 0
Thread id 13 has res 0.00109998 in rank 0
Thread id 2 has res 0.00109998 in rank 0
Thread id 1 has res 0.00109998 in rank 0
Thread id 5 has res 0.00109998 in rank 0
Thread id 9 has res 0.00109998 in rank 0
Thread id 4 has res 0.00109998 in rank 0
Thread id 8 has res 0.00109998 in rank 0
Thread id 6 has res 0.00109998 in rank 0
Thread id 10 has res 0.00109998 in rank 0
Thread id 14 has res 0.00109998 in rank 1
Thread id 15 has res 0.00109998 in rank 1
Thread id 3 has res 0.00109998 in rank 1
Thread id 12 has res 0.00109998 in rank 1
Thread id 7 has res 0.00109998 in rank 1
Thread id 11 has res 0.00109998 in rank 1
Thread id 10 has res 0.00109998 in rank 1
Thread id 5 has res 0.00109998 in rank 1
Thread id 4 has res 0.00109998 in rank 1
Thread id 6 has res 0.00109998 in rank 1
Thread id 8 has res 0.00109998 in rank 1
Thread id 2 has res 0.00109998 in rank 1
Thread id 13 has res 0.00109998 in rank 1
Thread id 1 has res 0.00109998 in rank 1
Thread id 9 has res 0.00109998 in rank 1
Thread id 0 has res 0.00109998 in rank 1
Rank 0 with Current time (s): 9.58702e-05, Current step: 8000, Average difference: 6.14564e-06
Thread id 11 has res 6.14564e-06 in rank 0
Thread id 15 has res 6.14564e-06 in rank 0
Thread id 3 has res 6.14564e-06 in rank 0
Rank 1 with Current time (s): 9.58702e-05, Current step: 8000, Average difference: 6.14564e-06
Thread id 12 has res 6.14564e-06 in rank 0
Thread id 8 has res 6.14564e-06 in rank 0
Thread id 14 has res 6.14564e-06 in rank 0
Thread id 9 has res 6.14564e-06 in rank 0
Thread id 4 has res 6.14564e-06 in rank 0
Thread id 6 has res 6.14564e-06 in rank 0
Thread id 2 has res 6.14564e-06 in rank 0
Thread id 1 has res 6.14564e-06 in rank 0
Thread id 7 has res 6.14564e-06 in rank 0
Thread id 13 has res 6.14564e-06 in rank 0
Thread id 0 has res 6.14564e-06 in rank 0
Thread id 10 has res 6.14564e-06 in rank 0
Thread id 14 has res 6.14564e-06 in rank 1
Thread id 15 has res 6.14564e-06 in rank 1
Thread id 3 has res 6.14564e-06 in rank 1
Thread id 10 has res 6.14564e-06 in rank 1
Thread id 8 has res 6.14564e-06 in rank 1
Thread id 11 has res 6.14564e-06 in rank 1
Thread id 0 has res 6.14564e-06 in rank 1
Thread id 7 has res 6.14564e-06 in rank 1
Thread id 13 has res 6.14564e-06 in rank 1
Thread id 1 has res 6.14564e-06 in rank 1
Thread id 2 has res 6.14564e-06 in rank 1
Thread id 12 has res 6.14564e-06 in rank 1
Thread id 4 has res 6.14564e-06 in rank 1
Thread id 6 has res 6.14564e-06 in rank 1
Thread id 5 has res 6.14564e-06 in rank 1
Rank 0 with Current time (s): 9.66077e-05, Current step: 12000, Average difference: 2.74649e-06
Thread id 11 has res 2.74649e-06 in rank 0
Thread id 15 has res 2.74649e-06 in rank 0
Thread id 3 has res 2.74649e-06 in rank 0
Rank 1 with Current time (s): 9.66077e-05, Current step: 12000, Average difference: 2.74649e-06
Thread id 0 has res 2.74649e-06 in rank 0
Thread id 2 has res 2.74649e-06 in rank 0
Thread id 12 has res 2.74649e-06 in rank 0
Thread id 1 has res 2.74649e-06 in rank 0
Thread id 6 has res 2.74649e-06 in rank 0
Thread id 8 has res 2.74649e-06 in rank 0
Thread id 10 has res 2.74649e-06 in rank 0
Thread id 13 has res 2.74649e-06 in rank 0
Thread id 9 has res 2.74649e-06 in rank 0
Thread id 4 has res 2.74649e-06 in rank 0
Thread id 14 has res 2.74649e-06 in rank 0
Thread id 7 has res 2.74649e-06 in rank 0
Thread id 14 has res 2.74649e-06 in rank 1
Thread id 8 has res 2.74649e-06 in rank 1
Thread id 2 has res 2.74649e-06 in rank 1
Thread id 12 has res 2.74649e-06 in rank 1
Thread id 15 has res 2.74649e-06 in rank 1
Thread id 10 has res 2.74649e-06 in rank 1
Thread id 7 has res 2.74649e-06 in rank 1
Thread id 11 has res 2.74649e-06 in rank 1
Thread id 3 has res 2.74649e-06 in rank 1
Thread id 1 has res 2.74649e-06 in rank 1
Thread id 0 has res 2.74649e-06 in rank 1
Rank 0 with Current time (s): 9.73451e-05, Current step: 16000, Average difference: 2.50732e-06
Thread id 15 has res 2.50732e-06 in rank 0
Thread id 10 has res 2.50732e-06 in rank 0
Thread id 9 has res 2.50732e-06 in rank 0
Rank 1 with Current time (s): 9.73451e-05, Current step: 16000, Average difference: 2.50732e-06
Thread id 14 has res 2.50732e-06 in rank 0
Thread id 11 has res 2.50732e-06 in rank 0
Thread id 2 has res 2.50732e-06 in rank 0
Thread id 1 has res 2.50732e-06 in rank 0
Thread id 0 has res 2.50732e-06 in rank 0
Thread id 4 has res 2.50732e-06 in rank 0
Thread id 12 has res 2.50732e-06 in rank 0
Thread id 8 has res 2.50732e-06 in rank 0
Thread id 6 has res 2.50732e-06 in rank 0
Thread id 3 has res 2.50732e-06 in rank 0
Thread id 7 has res 2.50732e-06 in rank 0
Thread id 8 has res 2.50732e-06 in rank 1
Thread id 11 has res 2.50732e-06 in rank 1
Thread id 10 has res 2.50732e-06 in rank 1
Thread id 7 has res 2.50732e-06 in rank 1
Thread id 0 has res 2.50732e-06 in rank 1
Thread id 15 has res 2.50732e-06 in rank 1
Thread id 2 has res 2.50732e-06 in rank 1
Thread id 1 has res 2.50732e-06 in rank 1
Thread id 14 has res 2.50732e-06 in rank 1
Thread id 3 has res 2.50732e-06 in rank 1
Thread id 12 has res 2.50732e-06 in rank 1
Rank 0 with Current time (s): 9.80826e-05, Current step: 20000, Average difference: 2.3933e-06
Thread id 11 has res 2.3933e-06 in rank 0
Thread id 15 has res 2.3933e-06 in rank 0
Thread id 0 has res 2.3933e-06 in rank 0
Thread id 8 has res 2.3933e-06 in rank 0
Thread id 3 has res 2.3933e-06 in rank 0
Thread id 12 has res 2.3933e-06 in rank 0
Thread id 6 has res 2.3933e-06 in rank Rank 1 with Current time (s): 9.80826e-05, Current step: 20000, Average difference: 2.3933e-06
0
Thread id 7 has res 2.3933e-06 in rank 0
Thread id 2 has res 2.3933e-06 in rank 0
Thread id 14 has res 2.3933e-06 in rank 0
Thread id 1 has res 2.3933e-06 in rank 0
Thread id 10 has res 2.3933e-06 in rank 0
Thread id 9 has res 2.3933e-06 in rank 0
Thread id 4 has res 2.3933e-06 in rank 0
Thread id 14 has res 2.3933e-06 in rank 1
Thread id 11 has res 2.3933e-06 in rank 1
Thread id 15 has res 2.3933e-06 in rank 1
Thread id 12 has res 2.3933e-06 in rank 1
Thread id 8 has res 2.3933e-06 in rank 1
Thread id 0 has res 2.3933e-06 in rank 1
Thread id 10 has res 2.3933e-06 in rank 1
Thread id 3 has res 2.3933e-06 in rank 1
Thread id 2 has res 2.3933e-06 in rank 1
Thread id 7 has res 2.3933e-06 in rank 1
Thread id 1 has res 2.3933e-06 in rank 1
Rank 0 with Current time (s): 9.88201e-05, Current step: 24000, Average difference: 7.12426e-07
Thread id 0 has res 7.12426e-07 in rank 0
Thread id 12 has res 7.12426e-07 in rank 0
Thread id 1 has res 7.12426e-07 in rank 0
Thread id 15 has res 7.12426e-07 in rank 0
Thread id 2 has res 7.12426e-07 in rank 0
Thread id 11 has res 7.12426e-07 in rank 0
Thread id 9 has res 7.12426e-07 in rank 0
Thread id 6 has res 7.12426e-07 in rank 0
Thread id 4 has res 7.12426e-07 in rank Rank 1 with Current time (s): 9.88201e-05, Current step: 24000, Average difference: 7.12426e-07
0
Thread id 3 has res 7.12426e-07 in rank 0
Thread id 10 has res 7.12426e-07 in rank 0
Thread id 14 has res 7.12426e-07 in rank 0
Thread id 8 has res 7.12426e-07 in rank 0
Thread id 7 has res 7.12426e-07 in rank 0
Average difference is below threshold, breaking averaging loop.
Thread id 14 has res 7.12426e-07 in rank 1
Thread id 15 has res 7.12426e-07 in rank 1
Thread id 12 has res 7.12426e-07 in rank 1
Thread id 3 has res 7.12426e-07 in rank 1
Thread id 11 has res 7.12426e-07 in rank 1
Thread id 0 has res 7.12426e-07 in rank 1
Thread id 7 has res 7.12426e-07 in rank 1
Thread id 10 has res 7.12426e-07 in rank 1
Thread id 8 has res 7.12426e-07 in rank 1
Thread id 2 has res 7.12426e-07 in rank 1
Thread id 1 has res 7.12426e-07 in rank 1
mpi rank 1 is fine 
Rank 0 here
Rank 1 here 
